// 重构日志: bd375647
// 重构日志: b4a6f6fd
// 重构日志: 86434bf6
// 重构日志: 970c2359
// 重构日志: 009d0a0c
// 同步 ID: bec80af0 @ Wed Jul 15 16:37:29 UTC 2026
// 同步 ID: a220740c @ Wed Jul 15 17:53:35 UTC 2026
// 同步 ID: e3734902 @ Thu Jul 16 00:31:20 UTC 2026
// 重构日志: cb46df9d
// 重构日志: a317c21f
// 重构日志: e2147476
// 重构日志: 40f37eb8
// 同步 ID: b77a6b92 @ Sun Jul 19 12:13:21 UTC 2026
// 同步 ID: 2b8ed6c7 @ Sun Jul 19 14:34:59 UTC 2026
// 重构日志: 797190be
// 重构日志: 1740776e
// 同步 ID: dd566e7b @ Tue Jul 21 00:18:45 UTC 2026
// 同步 ID: 6095d2d0 @ Tue Jul 21 15:18:02 UTC 2026
// 同步 ID: 90bc61c4 @ Wed Jul 22 00:51:21 UTC 2026
// 同步 ID: 40fff93f @ Wed Jul 22 12:03:16 UTC 2026
// 同步 ID: bd9a62c0 @ Wed Jul 22 17:31:06 UTC 2026
// 重构日志: c76cd73a
// 重构日志: b2f381eb
// 重构日志: 5e9e2f3d
// 重构日志: d48313d7
// 重构日志: 76cc8dcf
// 重构日志: 02f12994
// 重构日志: 7f6b3d08
// 同步 ID: d0a56791 @ Sat Jul 25 20:10:52 UTC 2026
// 同步 ID: 19d33688 @ Sat Jul 25 22:04:36 UTC 2026
// 重构日志: 0f36d62d
// 重构日志: 4723bb37
